
> montana-os@0.1.0 dev
> next dev

  ▲ Next.js 14.2.18
  - Local:        http://localhost:3000
  - Environments: .env.local

 ✓ Starting...
 ✓ Ready in 2.1s
 ✓ Compiled /src/middleware in 455ms (72 modules)
 ○ Compiling / ...
 ✓ Compiled / in 6.8s (1450 modules)
 GET / 200 in 7237ms
 ✓ Compiled in 526ms (722 modules)
 ○ Compiling /dashboard/propiedades ...
 ✓ Compiled /dashboard/propiedades in 5.3s (1439 modules)
 GET /dashboard/propiedades 200 in 5462ms
 ✓ Compiled /dashboard/citas in 381ms (1451 modules)
 GET /dashboard/citas 200 in 510ms
 ✓ Compiled /dashboard/mapas in 374ms (1459 modules)
 GET /dashboard/mapas 200 in 481ms
 ✓ Compiled /dashboard/mensajes in 469ms (1469 modules)
 GET /dashboard/mensajes 200 in 555ms
 ✓ Compiled /dashboard/reportes in 459ms (1479 modules)
 GET /dashboard/reportes 200 in 541ms
 GET / 200 in 88ms
 GET /dashboard/propiedades 200 in 81ms
 GET /dashboard/citas 200 in 79ms
 GET /dashboard/mapas 200 in 42ms
 GET /dashboard/mensajes 200 in 76ms
 GET /dashboard/reportes 200 in 93ms
 GET /dashboard/propiedades 200 in 45ms
 GET / 200 in 53ms
 ○ Compiling /dashboard/leads ...
 ✓ Compiled /dashboard/leads in 655ms (1479 modules)
 ○ Compiling /dashboard/pipeline ...
 ✓ Compiled /dashboard/pipeline in 636ms (1487 modules)
 ○ Compiling /dashboard/comisiones ...
 ✓ Compiled /dashboard/comisiones in 514ms (1495 modules)
 ✓ Compiled /dashboard/mensajes in 249ms (754 modules)
 ✓ Compiled /dashboard/reportes in 440ms (760 modules)
 GET /dashboard/propiedades 200 in 213ms
 ✓ Compiled in 1452ms (1568 modules)
 ○ Compiling /specs/crm-redesign ...
 ✓ Compiled /specs/crm-redesign in 666ms (1492 modules)
 GET /specs/crm-redesign 200 in 881ms
 ✓ Compiled in 1738ms (1498 modules)
 ✓ Compiled in 862ms (1498 modules)
 ⨯ ./src/app/layout.tsx:8:1
Module not found: Can't resolve '@supabase/auth-helpers-react'
[0m [90m  6 |[39m [36mimport[39m { cn } [36mfrom[39m [32m"@/lib/utils"[39m[33m;[39m[0m
[0m [90m  7 |[39m [36mimport[39m { [33mThemeProvider[39m } [36mfrom[39m [32m'@/context/ThemeContext'[39m[33m;[39m[0m
[0m[31m[1m>[22m[39m[90m  8 |[39m [36mimport[39m { [33mSessionProvider[39m } [36mfrom[39m [32m'@supabase/auth-helpers-react'[39m[33m;[39m[0m
[0m [90m    |[39m [31m[1m^[22m[39m[0m
[0m [90m  9 |[39m [36mimport[39m { createClientComponentClient } [36mfrom[39m [32m'@supabase/auth-helpers-nextjs'[39m[33m;[39m[0m
[0m [90m 10 |[39m[0m
[0m [90m 11 |[39m [36mconst[39m poppins [33m=[39m [33mPoppins[39m({subsets[33m:[39m[[32m'latin'[39m][33m,[39mweight[33m:[39m[[32m'400'[39m[33m,[39m[32m'500'[39m[33m,[39m[32m'600'[39m[33m,[39m[32m'700'[39m][33m,[39mvariable[33m:[39m[32m'--font-sans'[39m})[33m;[39m[0m

https://nextjs.org/docs/messages/module-not-found
 ⨯ ./src/app/layout.tsx:8:1
Module not found: Can't resolve '@supabase/auth-helpers-react'
[0m [90m  6 |[39m [36mimport[39m { cn } [36mfrom[39m [32m"@/lib/utils"[39m[33m;[39m[0m
[0m [90m  7 |[39m [36mimport[39m { [33mThemeProvider[39m } [36mfrom[39m [32m'@/context/ThemeContext'[39m[33m;[39m[0m
[0m[31m[1m>[22m[39m[90m  8 |[39m [36mimport[39m { [33mSessionProvider[39m } [36mfrom[39m [32m'@supabase/auth-helpers-react'[39m[33m;[39m[0m
[0m [90m    |[39m [31m[1m^[22m[39m[0m
[0m [90m  9 |[39m [36mimport[39m { createClientComponentClient } [36mfrom[39m [32m'@supabase/auth-helpers-nextjs'[39m[33m;[39m[0m
[0m [90m 10 |[39m [36mimport[39m type { [33mDatabase[39m } [36mfrom[39m [32m'@/types/database'[39m[33m;[39m[0m
[0m [90m 11 |[39m[0m

https://nextjs.org/docs/messages/module-not-found
 ⨯ ./src/app/layout.tsx:8:1
Module not found: Can't resolve '@supabase/auth-helpers-react'
[0m [90m  6 |[39m [36mimport[39m { cn } [36mfrom[39m [32m"@/lib/utils"[39m[33m;[39m[0m
[0m [90m  7 |[39m [36mimport[39m { [33mThemeProvider[39m } [36mfrom[39m [32m'@/context/ThemeContext'[39m[33m;[39m[0m
[0m[31m[1m>[22m[39m[90m  8 |[39m [36mimport[39m { [33mSessionProvider[39m } [36mfrom[39m [32m'@supabase/auth-helpers-react'[39m[33m;[39m[0m
[0m [90m    |[39m [31m[1m^[22m[39m[0m
[0m [90m  9 |[39m [36mimport[39m { createClientComponentClient } [36mfrom[39m [32m'@supabase/auth-helpers-nextjs'[39m[33m;[39m[0m
[0m [90m 10 |[39m [36mimport[39m type { [33mDatabase[39m } [36mfrom[39m [32m'@/types/database'[39m[33m;[39m[0m
[0m [90m 11 |[39m[0m

https://nextjs.org/docs/messages/module-not-found
 ⨯ ./src/app/layout.tsx:8:1
Module not found: Can't resolve '@supabase/auth-helpers-react'
[0m [90m  6 |[39m [36mimport[39m { cn } [36mfrom[39m [32m"@/lib/utils"[39m[33m;[39m[0m
[0m [90m  7 |[39m [36mimport[39m { [33mThemeProvider[39m } [36mfrom[39m [32m'@/context/ThemeContext'[39m[33m;[39m[0m
[0m[31m[1m>[22m[39m[90m  8 |[39m [36mimport[39m { [33mSessionProvider[39m } [36mfrom[39m [32m'@supabase/auth-helpers-react'[39m[33m;[39m[0m
[0m [90m    |[39m [31m[1m^[22m[39m[0m
[0m [90m  9 |[39m [36mimport[39m { createClientComponentClient } [36mfrom[39m [32m'@supabase/auth-helpers-nextjs'[39m[33m;[39m[0m
[0m [90m 10 |[39m [36mimport[39m type { [33mDatabase[39m } [36mfrom[39m [32m'@/types/database'[39m[33m;[39m[0m
[0m [90m 11 |[39m[0m

https://nextjs.org/docs/messages/module-not-found
 ⨯ ./src/app/layout.tsx:8:1
Module not found: Can't resolve '@supabase/auth-helpers-react'
[0m [90m  6 |[39m [36mimport[39m { cn } [36mfrom[39m [32m"@/lib/utils"[39m[33m;[39m[0m
[0m [90m  7 |[39m [36mimport[39m { [33mThemeProvider[39m } [36mfrom[39m [32m'@/context/ThemeContext'[39m[33m;[39m[0m
[0m[31m[1m>[22m[39m[90m  8 |[39m [36mimport[39m { [33mSessionProvider[39m } [36mfrom[39m [32m'@supabase/auth-helpers-react'[39m[33m;[39m[0m
[0m [90m    |[39m [31m[1m^[22m[39m[0m
[0m [90m  9 |[39m [36mimport[39m { createClientComponentClient } [36mfrom[39m [32m'@supabase/auth-helpers-nextjs'[39m[33m;[39m[0m
[0m [90m 10 |[39m [36mimport[39m type { [33mDatabase[39m } [36mfrom[39m [32m'@/types/database'[39m[33m;[39m[0m
[0m [90m 11 |[39m[0m

https://nextjs.org/docs/messages/module-not-found
